int main()
{
	int j;

	int t[50];
	float f[2];
	char c[1000];
}