int main()
{
	int d = 10;

	read(d);

	write(d);
}