int main()
{

	int g = 0;

	for(int j=0; j<3; j++)
	{
		for(int i = 0; i < 5; i++)
		{
			write(i);

			for(int k = 0; k < 2; k++)
			{
				g = i + j + k;

				if(g == 0)
				{
					
					break;
					//continue;
					//break all;
				}

				write(g);
			}
		}
	}


}