string t = "Amor";

int main()
{	

	string j = "Hamashia";

	t = j;
	write(t);	

}
