int main()
{
	int a=5;

	switch(a){

		case 0:
			a=1;
			break;
		case 5:
			a=2;
			break;
		case 111:
			a=3;
			break;
		
	}

	write(a);	
}