int z = 0;
int main()
{	
	int a;
	a=0;

	a = a + 1;

	/*while(a<3)
	{
		a = a + 1;
	}

	int b;
	b=0;
	do
	{
		b++;

	}while(b<3);*/	

}
