int main()
{
	
	for(int b=0;b<3;b++)
	{
		for(int h=0; h>3; h++)
		{			
			int c = 7;

			if(c == 7)
			{
				break;
			}
			elif(c == 0)
			{
				continue;
			}
		}
		
	}
}
	/*int i = 10;

	if(i == 10)
	{
		i = 10;
	}
	if(i == 87)
	{
		i = 9;
	}
	elif(i < 10)
	{
		i = 10;
	}
	elif(i==20){
		i = 45;
	}
	else
	{
		i = 5;
	}*/

	

