int main()
{	
	int tests;
	float b = 0.0;
	int a = b + 4;
	boolean c = TRUE;
	c = 5.0<3;
}
